<?xml version="1.0" encoding="UTF-8"?>
<coverage generated="1207566124" phpunit="3.2.18">
  <project name="phpucMergeCodeTest" timestamp="1207566124">
    <file name="/home/manu/Projects/workspace.zend-studio/phpUnderControl/trunk/docs/log-merge/MergeCode.php">
      <line num="100" type="method" count="3"/>
      <line num="102" type="stmt" count="3"/>
      <line num="104" type="stmt" count="3"/>
      <line num="105" type="stmt" count="3"/>
      <line num="106" type="stmt" count="3"/>
      <line num="107" type="stmt" count="1"/>
      <line num="108" type="stmt" count="1"/>
      <line num="109" type="stmt" count="2"/>
      <line num="110" type="stmt" count="2"/>
      <line num="111" type="stmt" count="1"/>
      <line num="112" type="stmt" count="1"/>
      <line num="115" type="stmt" count="1"/>
      <line num="117" type="stmt" count="3"/>
      <line num="128" type="method" count="3"/>
      <line num="130" type="stmt" count="3"/>
      <line num="133" type="stmt" count="3"/>
      <line num="134" type="stmt" count="3"/>
      <line num="135" type="stmt" count="3"/>
      <line num="136" type="stmt" count="2"/>
      <line num="137" type="stmt" count="2"/>
      <line num="138" type="stmt" count="1"/>
      <line num="139" type="stmt" count="1"/>
      <line num="140" type="stmt" count="0"/>
      <line num="141" type="stmt" count="0"/>
      <line num="144" type="stmt" count="1"/>
      <line num="146" type="stmt" count="3"/>
      <line num="148" type="stmt" count="0"/>
      <line num="149" type="stmt" count="0"/>
      <line num="150" type="stmt" count="0"/>
      <line num="151" type="stmt" count="0"/>
      <line num="152" type="stmt" count="0"/>
      <line num="153" type="stmt" count="0"/>
      <line num="154" type="stmt" count="0"/>
      <line num="155" type="stmt" count="0"/>
      <line num="156" type="stmt" count="0"/>
      <line num="157" type="stmt" count="0"/>
      <line num="158" type="stmt" count="0"/>
      <line num="159" type="stmt" count="0"/>
      <line num="160" type="stmt" count="0"/>
      <line num="161" type="stmt" count="0"/>
      <line num="163" type="stmt" count="0"/>
      <line num="166" type="stmt" count="0"/>
      <line num="167" type="stmt" count="0"/>
      <line num="168" type="stmt" count="0"/>
      <line num="170" type="stmt" count="0"/>
      <line num="171" type="stmt" count="0"/>
      <line num="172" type="stmt" count="0"/>
      <line num="174" type="stmt" count="0"/>
      <line num="175" type="stmt" count="0"/>
      <line num="176" type="stmt" count="0"/>
      <line num="177" type="stmt" count="0"/>
      <line num="178" type="stmt" count="0"/>
      <line num="179" type="stmt" count="3"/>
      <line num="190" type="method" count="12"/>
      <line num="192" type="stmt" count="12"/>
      <metrics loc="194" ncloc="97" classes="1" methods="3" coveredmethods="3" statements="52" coveredstatements="24" elements="55" coveredelements="27"/>
    </file>
    <file name="/home/manu/Projects/workspace.zend-studio/phpUnderControl/trunk/docs/log-merge/MergeCode525.php">
      <line num="62" type="stmt" count="1"/>
      <line num="68" type="method" count="1"/>
      <line num="70" type="stmt" count="1"/>
      <line num="72" type="stmt" count="1"/>
      <metrics loc="72" ncloc="9" classes="1" methods="1" coveredmethods="1" statements="3" coveredstatements="3" elements="4" coveredelements="4"/>
    </file>
    <file name="/home/manu/Projects/workspace.zend-studio/phpUnderControl/trunk/docs/log-merge/MergeCodeHelper.php">
      <line num="68" type="method" count="1"/>
      <line num="70" type="stmt" count="1"/>
      <line num="78" type="method" count="1"/>
      <line num="80" type="stmt" count="1"/>
      <line num="82" type="stmt" count="1"/>
      <line num="84" type="stmt" count="1"/>
      <line num="92" type="method" count="1"/>
      <line num="95" type="stmt" count="1"/>
      <metrics loc="97" ncloc="24" classes="1" methods="3" coveredmethods="3" statements="5" coveredstatements="5" elements="8" coveredelements="8"/>
    </file>
    <metrics files="2" loc="291" ncloc="121" classes="3" methods="7" coveredmethods="7" statements="60" coveredstatements="32" elements="67" coveredelements="39"/>
  </project>
</coverage>